<html>
<body>
<pre>
<h1>µVision Build Log</h1>
<h2>Project:</h2>
C:\Users\Paul\Desktop\project1410\usart1\Blinky.uvproj
Project File Date:  10/14/2014

<h2>Output:</h2>
Rebuild target 'MCBSTM32C'
assembling startup_stm32f10x_cl.s...
compiling system_stm32f10x_cl.c...
compiling core_cm3.c...
compiling Blinky.c...
linking...
Program Size: Code=364 RO-data=368 RW-data=8 ZI-data=512  
".\Flash\Blinky.axf" - 0 Error(s), 0 Warning(s).
Load "C:\\Users\\Paul\\Desktop\\project1410\\usart1\\Flash\\Blinky.axf" 
Full Chip Erase Done.
Programming Done.
Verify OK.
Application running ...
Load "C:\\Users\\Paul\\Desktop\\project1410\\usart1\\Flash\\Blinky.axf" 
Full Chip Erase Done.
Programming Done.
Verify OK.
Application running ...
</pre>
</body>
</html>
ktop\\project1410\\usart1\\Flash\\Blinky.axf" 
Full Chip Erase Done.
Programming Done.
Verify OK.
Application running ...
