<html>
<body>
<pre>
<h1>µVision Build Log</h1>
<h2>Project:</h2>
C:\Users\Paul\Desktop\Blinky - project\Blinky.uvproj
Project File Date:  10/14/2014

<h2>Output:</h2>
Rebuild target 'MCBSTM32C'
assembling startup_stm32f10x_cl.s...
compiling system_stm32f10x_cl.c...
compiling core_cm3.c...
compiling Blinky.c...
linking...
Program Size: Code=284 RO-data=352 RW-data=0 ZI-data=512  
".\Flash\Blinky.axf" - 0 Error(s), 0 Warning(s).
Load "C:\\Users\\Paul\\Desktop\\Blinky - project\\Flash\\Blinky.axf" 
Full Chip Erase Done.
Programming Done.
Verify OK.
Application running ...
</pre>
</body>
</html>
ktop\\Blinky - project\\Flash\\Blinky.axf" 
Full Chip Erase Done.
Programming Done.
Verify OK.
Application running ...
ph_Lib_V3.5.0\QQheaders\stm32f10x.h(171): error:  #101: "MemoryManagement_IRQn" has already been declared in the current scope
    MemoryManagement_IRQn       = -12,    /*!< 4 Cortex-M3 Memory Management Interrupt              */
..\STM32F10x_StdPeriph_Lib_V3.5.0\QQheaders\stm32f10x.h(172): error:  #101: "BusFault_IRQn" has already been declared in the current scope
    BusFault_IRQn               = -11,    /*!< 5 Cortex-M3 Bus Fault Interrupt                      */
..\STM32F10x_StdPeriph_Lib_V3.5.0\QQheaders\stm32f10x.h(173): error:  #101: "UsageFault_IRQn" has already been declared in the current scope
    UsageFault_IRQn             = -10,    /*!< 6 Cortex-M3 Usage Fault Interrupt                    */
..\STM32F10x_StdPeriph_Lib_V3.5.0\QQheaders\stm32f10x.h(174): error:  #101: "SVCall_IRQn" has already been declared in the current scope
    SVCall_IRQn                 = -5,     /*!< 11 Cortex-M3 SV Call Interrupt                       */
..\STM32F10x_StdPeriph_Lib_V3.5.0\QQheaders\stm32f10x.h(175): error:  #101: "DebugMonitor_IRQn" has already been declared in the current scope
    DebugMonitor_IRQn           = -4,     /*!< 12 Cortex-M3 Debug Monitor Interrupt                 */
..\STM32F10x_StdPeriph_Lib_V3.5.0\QQheaders\stm32f10x.h(176): error:  #101: "PendSV_IRQn" has already been declared in the current scope
    PendSV_IRQn                 = -2,     /*!< 14 Cortex-M3 Pend SV Interrupt                       */
..\STM32F10x_StdPeriph_Lib_V3.5.0\QQheaders\stm32f10x.h(177): error:  #101: "SysTick_IRQn" has already been declared in the current scope
    SysTick_IRQn                = -1,     /*!< 15 Cortex-M3 System Tick Interrupt                   */
..\STM32F10x_StdPeriph_Lib_V3.5.0\QQheaders\stm32f10x.h(180): error:  #101: "WWDG_IRQn" has already been declared in the current scope
    WWDG_IRQn                   = 0,      /*!< Window WatchDog Interrupt                            */
..\STM32F10x_StdPeriph_Lib_V3.5.0\QQheaders\stm32f10x.h(181): error:  #101: "PVD_IRQn" has already been declared in the current scope
    PVD_IRQn                    = 1,      /*!< PVD through EXTI Line detection Interrupt            */
..\STM32F10x_StdPeriph_Lib_V3.5.0\QQheaders\stm32f10x.h(182): error:  #101: "TAMPER_IRQn" has already been declared in the current scope
    TAMPER_IRQn                 = 2,      /*!< Tamper Interrupt                                     */
..\STM32F10x_StdPeriph_Lib_V3.5.0\QQheaders\stm32f10x.h(183): error:  #101: "RTC_IRQn" has already been declared in the current scope
    RTC_IRQn                    = 3,      /*!< RTC global Interrupt                                 */
..\STM32F10x_StdPeriph_Lib_V3.5.0\QQheaders\stm32f10x.h(184): error:  #101: "FLASH_IRQn" has already been declared in the current scope
    FLASH_IRQn                  = 4,      /*!< FLASH global Interrupt                               */
..\STM32F10x_StdPeriph_Lib_V3.5.0\QQheaders\stm32f10x.h(185): error:  #101: "RCC_IRQn" has already been declared in the current scope
    RCC_IRQn                    = 5,      /*!< RCC global Interrupt                                 */
..\STM32F10x_StdPeriph_Lib_V3.5.0\QQheaders\stm32f10x.h(186): error:  #101: "EXTI0_IRQn" has already been declared in the current scope
    EXTI0_IRQn                  = 6,      /*!< EXTI Line0 Interrupt                                 */
..\STM32F10x_StdPeriph_Lib_V3.5.0\QQheaders\stm32f10x.h(187): error:  #101: "EXTI1_IRQn" has already been declared in the current scope
    EXTI1_IRQn                  = 7,      /*!< EXTI Line1 Interrupt                                 */
..\STM32F10x_StdPeriph_Lib_V3.5.0\QQheaders\stm32f10x.h(188): error:  #101: "EXTI2_IRQn" has already been declared in the current scope
    EXTI2_IRQn                  = 8,      /*!< EXTI Line2 Interrupt                                 */
..\STM32F10x_StdPeriph_Lib_V3.5.0\QQheaders\stm32f10x.h(189): error:  #101: "EXTI3_IRQn" has already been declared in the current scope
    EXTI3_IRQn                  = 9,      /*!< EXTI Line3 Interrupt                                 */
..\STM32F10x_StdPeriph_Lib_V3.5.0\QQheaders\stm32f10x.h(190): error:  #101: "EXTI4_IRQn" has already been declared in the current scope
    EXTI4_IRQn                  = 10,     /*!< EXTI Line4 Interrupt                                 */
..\STM32F10x_StdPeriph_Lib_V3.5.0\QQheaders\stm32f10x.h(191): error:  #101: "DMA1_Channel1_IRQn" has already been declared in the current scope
    DMA1_Channel1_IRQn          = 11,     /*!< DMA1 Channel 1 global Interrupt                      */
..\STM32F10x_StdPeriph_Lib_V3.5.0\QQheaders\stm32f10x.h(192): error:  #101: "DMA1_Channel2_IRQn" has already been declared in the current scope
    DMA1_Channel2_IRQn          = 12,     /*!< DMA1 Channel 2 global Interrupt                      */
..\STM32F10x_StdPeriph_Lib_V3.5.0\QQheaders\stm32f10x.h(193): error:  #101: "DMA1_Channel3_IRQn" has already been declared in the current scope
    DMA1_Channel3_IRQn          = 13,     /*!< DMA1 Channel 3 global Interrupt                      */
..\STM32F10x_StdPeriph_Lib_V3.5.0\QQheaders\stm32f10x.h(194): error:  #101: "DMA1_Channel4_IRQn" has already been declared in the current scope
    DMA1_Channel4_IRQn          = 14,     /*!< DMA1 Channel 4 global Interrupt                      */
..\STM32F10x_StdPeriph_Lib_V3.5.0\QQheaders\stm32f10x.h(195): error:  #101: "DMA1_Channel5_IRQn" has already been declared in the current scope
    DMA1_Channel5_IRQn          = 15,     /*!< DMA1 Channel 5 global Interrupt                      */
..\STM32F10x_StdPeriph_Lib_V3.5.0\QQheaders\stm32f10x.h(196): error:  #101: "DMA1_Channel6_IRQn" has already been declared in the current scope
    DMA1_Channel6_IRQn          = 16,     /*!< DMA1 Channel 6 global Interrupt                      */
..\STM32F10x_StdPeriph_Lib_V3.5.0\QQheaders\stm32f10x.h(197): error:  #101: "DMA1_Channel7_IRQn" has already been declared in the current scope
    DMA1_Channel7_IRQn          = 17,     /*!< DMA1 Channel 7 global Interrupt                      */
..\STM32F10x_StdPeriph_Lib_V3.5.0\QQheaders\stm32f10x.h(429): error:  #101: "CAN1_TX_IRQn" has already been declared in the current scope
    CAN1_TX_IRQn                = 19,     /*!< USB Device High Priority or CAN1 TX Interrupts       */
..\STM32F10x_StdPeriph_Lib_V3.5.0\QQheaders\stm32f10x.h(430): error:  #101: "CAN1_RX0_IRQn" has already been declared in the current scope
    CAN1_RX0_IRQn               = 20,     /*!< USB Device Low Priority or CAN1 RX0 Interrupts       */
..\STM32F10x_StdPeriph_Lib_V3.5.0\QQheaders\stm32f10x.h(431): error:  #101: "CAN1_RX1_IRQn" has already been declared in the current scope
    CAN1_RX1_IRQn               = 21,     /*!< CAN1 RX1 Interrupt                                   */
Blinky.c: 0 warnings, 30 errors
".\Flash\Blinky.axf" - 30 Error(s), 0 Warning(s).
Target not created
